// Jest Snapshot v1, https://goo.gl/fbAQLP

exports[`Some component renders correctly 1`] = `
<View
  style={
    Array [
      Object {
        "borderRadius": 4,
        "overflow": "hidden",
        "width": null,
      },
      Object {},
    ]
  }
>
  <View
    accessible={true}
    focusable={true}
    onClick={[Function]}
    onResponderGrant={[Function]}
    onResponderMove={[Function]}
    onResponderRelease={[Function]}
    onResponderTerminate={[Function]}
    onResponderTerminationRequest={[Function]}
    onStartShouldSetResponder={[Function]}
    style={
      Object {
        "alignItems": "center",
        "backgroundColor": "#2D9CDB",
        "borderRadius": 4,
        "justifyContent": "center",
        "opacity": 1,
        "padding": 16,
      }
    }
  >
    <View />
  </View>
</View>
`;
