// Jest Snapshot v1, https://goo.gl/fbAQLP

exports[`Some component renders correctly 1`] = `
<View
  style={
    Object {
      "padding": 16,
      "position": "absolute",
      "top": null,
      "transform": Array [
        Object {
          "translateY": -200,
        },
      ],
      "width": "100%",
      "zIndex": 3,
    }
  }
>
  <View
    style={
      Array [
        Object {
          "alignItems": "flex-start",
          "borderRadius": 10,
          "elevation": 3,
          "flexDirection": "row",
          "justifyContent": "space-between",
          "padding": 8,
          "width": "100%",
        },
        Object {
          "backgroundColor": "#CF212A",
        },
      ]
    }
  >
    <View
      style={
        Object {
          "marginTop": 2,
        }
      }
    />
    <View
      style={
        Object {
          "flex": 1,
          "paddingHorizontal": 8,
        }
      }
    />
    <View
      style={
        Array [
          Object {
            "borderRadius": 4,
            "overflow": "hidden",
            "width": null,
          },
          Object {
            "borderRadius": 10,
            "width": 20,
          },
        ]
      }
    >
      <View
        accessible={true}
        focusable={true}
        onClick={[Function]}
        onResponderGrant={[Function]}
        onResponderMove={[Function]}
        onResponderRelease={[Function]}
        onResponderTerminate={[Function]}
        onResponderTerminationRequest={[Function]}
        onStartShouldSetResponder={[Function]}
        style={
          Object {
            "alignItems": "center",
            "backgroundColor": "transparent",
            "borderRadius": 10,
            "height": 20,
            "justifyContent": "center",
            "opacity": 1,
            "padding": 0,
            "width": "100%",
          }
        }
      />
    </View>
  </View>
</View>
`;
